{"rows": 4, "labs": [[0, 0], [0, 0], [0, 0], [0, 0], [0, 0], [0, 0]], "m": 4, "rk": 4, "pairs": 9, "force_calls": 1280, "seconds": 0.25, "status": "done", "found": null, "prefix_index": 0}
{"rows": 4, "labs": [[0, 0], [0, 0], [0, 0], [0, 0], [0, 0], [1, 0]], "m": 5, "rk": 5, "pairs": 9, "force_calls": 1280, "seconds": 0.19, "status": "done", "found": null, "prefix_index": 1}
{"rows": 4, "labs": [[0, 0], [0, 0], [0, 0], [0, 0], [0, 0], [0, 1]], "m": 5, "rk": 5, "pairs": 9, "force_calls": 4512, "seconds": 0.47, "status": "done", "found": null, "prefix_index": 2}
{"rows": 4, "labs": [[0, 0], [0, 0], [0, 0], [0, 0], [0, 0], [1, 1]], "m": 5, "rk": 5, "pairs": 9, "force_calls": 4512, "seconds": 0.48, "status": "done", "found": null, "prefix_index": 3}
{"rows": 4, "labs": [[0, 0], [0, 0], [0, 0], [0, 0], [1, 0], [0, 0]], "m": 5, "rk": 5, "pairs": 9, "force_calls": 1280, "seconds": 0.19, "status": "done", "found": null, "prefix_index": 4}
{"rows": 4, "labs": [[0, 0], [0, 0], [0, 0], [0, 0], [1, 0], [1, 0]], "m": 6, "rk": 6, "pairs": 1, "force_calls": 256, "seconds": 0.03, "status": "done", "found": null, "prefix_index": 5}
{"rows": 4, "labs": [[0, 0], [0, 0], [0, 0], [0, 0], [1, 0], [0, 1]], "m": 6, "rk": 6, "pairs": 9, "force_calls": 2496, "seconds": 0.26, "status": "done", "found": null, "prefix_index": 6}
{"rows": 4, "labs": [[0, 0], [0, 0], [0, 0], [0, 0], [1, 0], [1, 1]], "m": 6, "rk": 6, "pairs": 9, "force_calls": 2496, "seconds": 0.26, "status": "done", "found": null, "prefix_index": 7}
{"rows": 4, "labs": [[0, 0], [0, 0], [0, 0], [0, 0], [0, 1], [0, 0]], "m": 5, "rk": 5, "pairs": 9, "force_calls": 4512, "seconds": 0.49, "status": "done", "found": null, "prefix_index": 8}
{"rows": 4, "labs": [[0, 0], [0, 0], [0, 0], [0, 0], [0, 1], [1, 0]], "m": 6, "rk": 6, "pairs": 9, "force_calls": 2496, "seconds": 0.3, "status": "done", "found": null, "prefix_index": 9}
{"rows": 4, "labs": [[0, 0], [0, 0], [0, 0], [0, 0], [0, 1], [0, 1]], "m": 6, "rk": 6, "pairs": 9, "force_calls": 5536, "seconds": 0.54, "status": "done", "found": null, "prefix_index": 10}
{"rows": 4, "labs": [[0, 0], [0, 0], [0, 0], [0, 0], [0, 1], [1, 1]], "m": 6, "rk": 6, "pairs": 9, "force_calls": 5584, "seconds": 0.55, "status": "done", "found": null, "prefix_index": 11}
{"rows": 4, "labs": [[0, 0], [0, 0], [0, 0], [0, 0], [1, 1], [0, 0]], "m": 5, "rk": 5, "pairs": 9, "force_calls": 4512, "seconds": 0.45, "status": "done", "found": null, "prefix_index": 12}
{"rows": 4, "labs": [[0, 0], [0, 0], [0, 0], [0, 0], [1, 1], [1, 0]], "m": 6, "rk": 6, "pairs": 9, "force_calls": 2496, "seconds": 0.29, "status": "done", "found": null, "prefix_index": 13}
{"rows": 4, "labs": [[0, 0], [0, 0], [0, 0], [0, 0], [1, 1], [0, 1]], "m": 6, "rk": 6, "pairs": 9, "force_calls": 5584, "seconds": 0.6, "status": "done", "found": null, "prefix_index": 14}
{"rows": 4, "labs": [[0, 0], [0, 0], [0, 0], [0, 0], [1, 1], [1, 1]], "m": 6, "rk": 6, "pairs": 9, "force_calls": 5536, "seconds": 0.58, "status": "done", "found": null, "prefix_index": 15}
{"rows": 4, "labs": [[0, 0], [0, 0], [0, 0], [1, 0], [0, 0], [0, 0]], "m": 5, "rk": 5, "pairs": 9, "force_calls": 1280, "seconds": 0.22, "status": "done", "found": null, "prefix_index": 16}
{"rows": 4, "labs": [[0, 0], [0, 0], [0, 0], [1, 0], [0, 0], [1, 0]], "m": 6, "rk": 6, "pairs": 1, "force_calls": 256, "seconds": 0.04, "status": "done", "found": null, "prefix_index": 17}
{"rows": 4, "labs": [[0, 0], [0, 0], [0, 0], [1, 0], [0, 0], [0, 1]], "m": 6, "rk": 6, "pairs": 9, "force_calls": 2496, "seconds": 0.28, "status": "done", "found": null, "prefix_index": 18}
{"rows": 4, "labs": [[0, 0], [0, 0], [0, 0], [1, 0], [0, 0], [1, 1]], "m": 6, "rk": 6, "pairs": 9, "force_calls": 2496, "seconds": 0.25, "status": "done", "found": null, "prefix_index": 19}
{"rows": 4, "labs": [[0, 0], [0, 0], [0, 0], [1, 0], [1, 0], [0, 0]], "m": 6, "rk": 6, "pairs": 1, "force_calls": 256, "seconds": 0.04, "status": "done", "found": null, "prefix_index": 20}
{"rows": 4, "labs": [[0, 0], [0, 0], [0, 0], [1, 0], [1, 0], [1, 0]], "m": 7, "rk": 7, "pairs": 0, "force_calls": 0, "seconds": 0.0, "status": "done", "found": null, "prefix_index": 21}
{"rows": 4, "labs": [[0, 0], [0, 0], [0, 0], [1, 0], [1, 0], [0, 1]], "m": 7, "rk": 7, "pairs": 7, "force_calls": 640, "seconds": 0.09, "status": "done", "found": null, "prefix_index": 22}
{"rows": 4, "labs": [[0, 0], [0, 0], [0, 0], [1, 0], [1, 0], [1, 1]], "m": 7, "rk": 7, "pairs": 7, "force_calls": 640, "seconds": 0.09, "status": "done", "found": null, "prefix_index": 23}
{"rows": 4, "labs": [[0, 0], [0, 0], [0, 0], [1, 0], [0, 1], [0, 0]], "m": 6, "rk": 6, "pairs": 9, "force_calls": 2496, "seconds": 0.27, "status": "done", "found": null, "prefix_index": 24}
{"rows": 4, "labs": [[0, 0], [0, 0], [0, 0], [1, 0], [0, 1], [1, 0]], "m": 7, "rk": 7, "pairs": 7, "force_calls": 640, "seconds": 0.08, "status": "done", "found": null, "prefix_index": 25}
{"rows": 4, "labs": [[0, 0], [0, 0], [0, 0], [1, 0], [0, 1], [0, 1]], "m": 7, "rk": 7, "pairs": 9, "force_calls": 2080, "seconds": 0.23, "status": "done", "found": null, "prefix_index": 26}
{"rows": 4, "labs": [[0, 0], [0, 0], [0, 0], [1, 0], [0, 1], [1, 1]], "m": 7, "rk": 7, "pairs": 9, "force_calls": 2080, "seconds": 0.22, "status": "done", "found": null, "prefix_index": 27}
{"rows": 4, "labs": [[0, 0], [0, 0], [0, 0], [1, 0], [1, 1], [0, 0]], "m": 6, "rk": 6, "pairs": 9, "force_calls": 2496, "seconds": 0.29, "status": "done", "found": null, "prefix_index": 28}
{"rows": 4, "labs": [[0, 0], [0, 0], [0, 0], [1, 0], [1, 1], [1, 0]], "m": 7, "rk": 7, "pairs": 7, "force_calls": 640, "seconds": 0.09, "status": "done", "found": null, "prefix_index": 29}
{"rows": 4, "labs": [[0, 0], [0, 0], [0, 0], [1, 0], [1, 1], [0, 1]], "m": 7, "rk": 7, "pairs": 9, "force_calls": 2080, "seconds": 0.2, "status": "done", "found": null, "prefix_index": 30}
{"rows": 4, "labs": [[0, 0], [0, 0], [0, 0], [1, 0], [1, 1], [1, 1]], "m": 7, "rk": 7, "pairs": 9, "force_calls": 2080, "seconds": 0.23, "status": "done", "found": null, "prefix_index": 31}
{"rows": 4, "labs": [[0, 0], [0, 0], [0, 0], [0, 1], [0, 0], [0, 0]], "m": 5, "rk": 5, "pairs": 9, "force_calls": 4512, "seconds": 0.48, "status": "done", "found": null, "prefix_index": 32}
{"rows": 4, "labs": [[0, 0], [0, 0], [0, 0], [0, 1], [0, 0], [1, 0]], "m": 6, "rk": 6, "pairs": 9, "force_calls": 2496, "seconds": 0.27, "status": "done", "found": null, "prefix_index": 33}
{"rows": 4, "labs": [[0, 0], [0, 0], [0, 0], [0, 1], [0, 0], [0, 1]], "m": 6, "rk": 6, "pairs": 9, "force_calls": 11728, "seconds": 1.01, "status": "done", "found": null, "prefix_index": 34}
{"rows": 4, "labs": [[0, 0], [0, 0], [0, 0], [0, 1], [0, 0], [1, 1]], "m": 6, "rk": 6, "pairs": 9, "force_calls": 11728, "seconds": 0.99, "status": "done", "found": null, "prefix_index": 35}
{"rows": 4, "labs": [[0, 0], [0, 0], [0, 0], [0, 1], [1, 0], [0, 0]], "m": 6, "rk": 6, "pairs": 9, "force_calls": 2496, "seconds": 0.33, "status": "done", "found": null, "prefix_index": 36}
{"rows": 4, "labs": [[0, 0], [0, 0], [0, 0], [0, 1], [1, 0], [1, 0]], "m": 7, "rk": 7, "pairs": 7, "force_calls": 640, "seconds": 0.09, "status": "done", "found": null, "prefix_index": 37}
{"rows": 4, "labs": [[0, 0], [0, 0], [0, 0], [0, 1], [1, 0], [0, 1]], "m": 7, "rk": 7, "pairs": 9, "force_calls": 5512, "seconds": 0.67, "status": "done", "found": null, "prefix_index": 38}
{"rows": 4, "labs": [[0, 0], [0, 0], [0, 0], [0, 1], [1, 0], [1, 1]], "m": 7, "rk": 7, "pairs": 9, "force_calls": 5512, "seconds": 0.58, "status": "done", "found": null, "prefix_index": 39}
{"rows": 4, "labs": [[0, 0], [0, 0], [0, 0], [0, 1], [0, 1], [0, 0]], "m": 6, "rk": 6, "pairs": 9, "force_calls": 5536, "seconds": 0.63, "status": "done", "found": null, "prefix_index": 40}
{"rows": 4, "labs": [[0, 0], [0, 0], [0, 0], [0, 1], [0, 1], [1, 0]], "m": 7, "rk": 7, "pairs": 9, "force_calls": 2080, "seconds": 0.26, "status": "done", "found": null, "prefix_index": 41}
{"rows": 4, "labs": [[0, 0], [0, 0], [0, 0], [0, 1], [0, 1], [0, 1]], "m": 7, "rk": 7, "pairs": 9, "force_calls": 5440, "seconds": 0.64, "status": "done", "found": null, "prefix_index": 42}
{"rows": 4, "labs": [[0, 0], [0, 0], [0, 0], [0, 1], [0, 1], [1, 1]], "m": 7, "rk": 7, "pairs": 9, "force_calls": 5488, "seconds": 0.52, "status": "done", "found": null, "prefix_index": 43}
{"rows": 4, "labs": [[0, 0], [0, 0], [0, 0], [0, 1], [1, 1], [0, 0]], "m": 6, "rk": 6, "pairs": 9, "force_calls": 5584, "seconds": 0.54, "status": "done", "found": null, "prefix_index": 44}
{"rows": 4, "labs": [[0, 0], [0, 0], [0, 0], [0, 1], [1, 1], [1, 0]], "m": 7, "rk": 7, "pairs": 9, "force_calls": 2080, "seconds": 0.23, "status": "done", "found": null, "prefix_index": 45}
{"rows": 4, "labs": [[0, 0], [0, 0], [0, 0], [0, 1], [1, 1], [0, 1]], "m": 7, "rk": 7, "pairs": 9, "force_calls": 5512, "seconds": 0.53, "status": "done", "found": null, "prefix_index": 46}
{"rows": 4, "labs": [[0, 0], [0, 0], [0, 0], [0, 1], [1, 1], [1, 1]], "m": 7, "rk": 7, "pairs": 9, "force_calls": 5488, "seconds": 0.63, "status": "done", "found": null, "prefix_index": 47}
{"rows": 4, "labs": [[0, 0], [0, 0], [0, 0], [1, 1], [0, 0], [0, 0]], "m": 5, "rk": 5, "pairs": 9, "force_calls": 4512, "seconds": 0.46, "status": "done", "found": null, "prefix_index": 48}
{"rows": 4, "labs": [[0, 0], [0, 0], [0, 0], [1, 1], [0, 0], [1, 0]], "m": 6, "rk": 6, "pairs": 9, "force_calls": 2496, "seconds": 0.25, "status": "done", "found": null, "prefix_index": 49}
{"rows": 4, "labs": [[0, 0], [0, 0], [0, 0], [1, 1], [0, 0], [0, 1]], "m": 6, "rk": 6, "pairs": 9, "force_calls": 11728, "seconds": 1.01, "status": "done", "found": null, "prefix_index": 50}
{"rows": 4, "labs": [[0, 0], [0, 0], [0, 0], [1, 1], [0, 0], [1, 1]], "m": 6, "rk": 6, "pairs": 9, "force_calls": 11728, "seconds": 1.01, "status": "done", "found": null, "prefix_index": 51}
{"rows": 4, "labs": [[0, 0], [0, 0], [0, 0], [1, 1], [1, 0], [0, 0]], "m": 6, "rk": 6, "pairs": 9, "force_calls": 2496, "seconds": 0.27, "status": "done", "found": null, "prefix_index": 52}
{"rows": 4, "labs": [[0, 0], [0, 0], [0, 0], [1, 1], [1, 0], [1, 0]], "m": 7, "rk": 7, "pairs": 7, "force_calls": 640, "seconds": 0.09, "status": "done", "found": null, "prefix_index": 53}
{"rows": 4, "labs": [[0, 0], [0, 0], [0, 0], [1, 1], [1, 0], [0, 1]], "m": 7, "rk": 7, "pairs": 9, "force_calls": 5512, "seconds": 0.48, "status": "done", "found": null, "prefix_index": 54}
{"rows": 4, "labs": [[0, 0], [0, 0], [0, 0], [1, 1], [1, 0], [1, 1]], "m": 7, "rk": 7, "pairs": 9, "force_calls": 5512, "seconds": 0.53, "status": "done", "found": null, "prefix_index": 55}
{"rows": 4, "labs": [[0, 0], [0, 0], [0, 0], [1, 1], [0, 1], [0, 0]], "m": 6, "rk": 6, "pairs": 9, "force_calls": 5584, "seconds": 0.55, "status": "done", "found": null, "prefix_index": 56}
{"rows": 4, "labs": [[0, 0], [0, 0], [0, 0], [1, 1], [0, 1], [1, 0]], "m": 7, "rk": 7, "pairs": 9, "force_calls": 2080, "seconds": 0.23, "status": "done", "found": null, "prefix_index": 57}
{"rows": 4, "labs": [[0, 0], [0, 0], [0, 0], [1, 1], [0, 1], [0, 1]], "m": 7, "rk": 7, "pairs": 9, "force_calls": 5488, "seconds": 0.6, "status": "done", "found": null, "prefix_index": 58}
{"rows": 4, "labs": [[0, 0], [0, 0], [0, 0], [1, 1], [0, 1], [1, 1]], "m": 7, "rk": 7, "pairs": 9, "force_calls": 5512, "seconds": 0.55, "status": "done", "found": null, "prefix_index": 59}
{"rows": 4, "labs": [[0, 0], [0, 0], [0, 0], [1, 1], [1, 1], [0, 0]], "m": 6, "rk": 6, "pairs": 9, "force_calls": 5536, "seconds": 0.58, "status": "done", "found": null, "prefix_index": 60}
{"rows": 4, "labs": [[0, 0], [0, 0], [0, 0], [1, 1], [1, 1], [1, 0]], "m": 7, "rk": 7, "pairs": 9, "force_calls": 2080, "seconds": 0.28, "status": "done", "found": null, "prefix_index": 61}
{"rows": 4, "labs": [[0, 0], [0, 0], [0, 0], [1, 1], [1, 1], [0, 1]], "m": 7, "rk": 7, "pairs": 9, "force_calls": 5488, "seconds": 0.57, "status": "done", "found": null, "prefix_index": 62}
{"rows": 4, "labs": [[0, 0], [0, 0], [0, 0], [1, 1], [1, 1], [1, 1]], "m": 7, "rk": 7, "pairs": 9, "force_calls": 5440, "seconds": 0.56, "status": "done", "found": null, "prefix_index": 63}
{"rows": 4, "labs": [[0, 0], [0, 0], [1, 0], [0, 0], [0, 0], [0, 0]], "m": 5, "rk": 5, "pairs": 9, "force_calls": 1280, "seconds": 0.19, "status": "done", "found": null, "prefix_index": 64}
{"rows": 4, "labs": [[0, 0], [0, 0], [1, 0], [0, 0], [0, 0], [1, 0]], "m": 6, "rk": 5, "pairs": 1, "force_calls": 256, "seconds": 0.02, "status": "done", "found": null, "prefix_index": 65}
{"rows": 4, "labs": [[0, 0], [0, 0], [1, 0], [0, 0], [0, 0], [0, 1]], "m": 6, "rk": 6, "pairs": 9, "force_calls": 2496, "seconds": 0.31, "status": "done", "found": null, "prefix_index": 66}
{"rows": 4, "labs": [[0, 0], [0, 0], [1, 0], [0, 0], [0, 0], [1, 1]], "m": 6, "rk": 6, "pairs": 9, "force_calls": 2496, "seconds": 0.3, "status": "done", "found": null, "prefix_index": 67}
{"rows": 4, "labs": [[0, 0], [0, 0], [1, 0], [0, 0], [1, 0], [0, 0]], "m": 6, "rk": 6, "pairs": 1, "force_calls": 256, "seconds": 0.02, "status": "done", "found": null, "prefix_index": 68}
{"rows": 4, "labs": [[0, 0], [0, 0], [1, 0], [0, 0], [1, 0], [1, 0]], "m": 7, "rk": 6, "pairs": 0, "force_calls": 0, "seconds": 0.0, "status": "done", "found": null, "prefix_index": 69}
{"rows": 4, "labs": [[0, 0], [0, 0], [1, 0], [0, 0], [1, 0], [0, 1]], "m": 7, "rk": 7, "pairs": 7, "force_calls": 640, "seconds": 0.09, "status": "done", "found": null, "prefix_index": 70}
{"rows": 4, "labs": [[0, 0], [0, 0], [1, 0], [0, 0], [1, 0], [1, 1]], "m": 7, "rk": 7, "pairs": 7, "force_calls": 640, "seconds": 0.09, "status": "done", "found": null, "prefix_index": 71}
{"rows": 4, "labs": [[0, 0], [0, 0], [1, 0], [0, 0], [0, 1], [0, 0]], "m": 6, "rk": 6, "pairs": 9, "force_calls": 2496, "seconds": 0.28, "status": "done", "found": null, "prefix_index": 72}
{"rows": 4, "labs": [[0, 0], [0, 0], [1, 0], [0, 0], [0, 1], [1, 0]], "m": 7, "rk": 6, "pairs": 7, "force_calls": 640, "seconds": 0.08, "status": "done", "found": null, "prefix_index": 73}
{"rows": 4, "labs": [[0, 0], [0, 0], [1, 0], [0, 0], [0, 1], [0, 1]], "m": 7, "rk": 7, "pairs": 9, "force_calls": 2080, "seconds": 0.24, "status": "done", "found": null, "prefix_index": 74}
{"rows": 4, "labs": [[0, 0], [0, 0], [1, 0], [0, 0], [0, 1], [1, 1]], "m": 7, "rk": 7, "pairs": 9, "force_calls": 2080, "seconds": 0.25, "status": "done", "found": null, "prefix_index": 75}
{"rows": 4, "labs": [[0, 0], [0, 0], [1, 0], [0, 0], [1, 1], [0, 0]], "m": 6, "rk": 6, "pairs": 9, "force_calls": 2496, "seconds": 0.29, "status": "done", "found": null, "prefix_index": 76}
{"rows": 4, "labs": [[0, 0], [0, 0], [1, 0], [0, 0], [1, 1], [1, 0]], "m": 7, "rk": 6, "pairs": 7, "force_calls": 640, "seconds": 0.07, "status": "done", "found": null, "prefix_index": 77}
{"rows": 4, "labs": [[0, 0], [0, 0], [1, 0], [0, 0], [1, 1], [0, 1]], "m": 7, "rk": 7, "pairs": 9, "force_calls": 2080, "seconds": 0.27, "status": "done", "found": null, "prefix_index": 78}
{"rows": 4, "labs": [[0, 0], [0, 0], [1, 0], [0, 0], [1, 1], [1, 1]], "m": 7, "rk": 7, "pairs": 9, "force_calls": 2080, "seconds": 0.25, "status": "done", "found": null, "prefix_index": 79}
{"rows": 4, "labs": [[0, 0], [0, 0], [1, 0], [1, 0], [0, 0], [0, 0]], "m": 6, "rk": 6, "pairs": 1, "force_calls": 256, "seconds": 0.03, "status": "done", "found": null, "prefix_index": 80}
{"rows": 4, "labs": [[0, 0], [0, 0], [1, 0], [1, 0], [0, 0], [1, 0]], "m": 7, "rk": 6, "pairs": 0, "force_calls": 0, "seconds": 0.0, "status": "done", "found": null, "prefix_index": 81}
{"rows": 4, "labs": [[0, 0], [0, 0], [1, 0], [1, 0], [0, 0], [0, 1]], "m": 7, "rk": 7, "pairs": 7, "force_calls": 640, "seconds": 0.09, "status": "done", "found": null, "prefix_index": 82}
{"rows": 4, "labs": [[0, 0], [0, 0], [1, 0], [1, 0], [0, 0], [1, 1]], "m": 7, "rk": 7, "pairs": 7, "force_calls": 640, "seconds": 0.08, "status": "done", "found": null, "prefix_index": 83}
{"rows": 4, "labs": [[0, 0], [0, 0], [1, 0], [1, 0], [1, 0], [0, 0]], "m": 7, "rk": 7, "pairs": 0, "force_calls": 0, "seconds": 0.0, "status": "done", "found": null, "prefix_index": 84}
{"rows": 4, "labs": [[0, 0], [0, 0], [1, 0], [1, 0], [1, 0], [1, 0]], "m": 8, "rk": 7, "pairs": 0, "force_calls": 0, "seconds": 0.0, "status": "done", "found": null, "prefix_index": 85}
{"rows": 4, "labs": [[0, 0], [0, 0], [1, 0], [1, 0], [1, 0], [0, 1]], "m": 8, "rk": 8, "pairs": 1, "force_calls": 64, "seconds": 0.01, "status": "done", "found": null, "prefix_index": 86}
{"rows": 4, "labs": [[0, 0], [0, 0], [1, 0], [1, 0], [1, 0], [1, 1]], "m": 8, "rk": 8, "pairs": 1, "force_calls": 64, "seconds": 0.01, "status": "done", "found": null, "prefix_index": 87}
{"rows": 4, "labs": [[0, 0], [0, 0], [1, 0], [1, 0], [0, 1], [0, 0]], "m": 7, "rk": 7, "pairs": 7, "force_calls": 640, "seconds": 0.1, "status": "done", "found": null, "prefix_index": 88}
{"rows": 4, "labs": [[0, 0], [0, 0], [1, 0], [1, 0], [0, 1], [1, 0]], "m": 8, "rk": 7, "pairs": 1, "force_calls": 64, "seconds": 0.01, "status": "done", "found": null, "prefix_index": 89}
{"rows": 4, "labs": [[0, 0], [0, 0], [1, 0], [1, 0], [0, 1], [0, 1]], "m": 8, "rk": 8, "pairs": 6, "force_calls": 400, "seconds": 0.05, "status": "done", "found": null, "prefix_index": 90}
{"rows": 4, "labs": [[0, 0], [0, 0], [1, 0], [1, 0], [0, 1], [1, 1]], "m": 8, "rk": 8, "pairs": 6, "force_calls": 400, "seconds": 0.05, "status": "done", "found": null, "prefix_index": 91}
{"rows": 4, "labs": [[0, 0], [0, 0], [1, 0], [1, 0], [1, 1], [0, 0]], "m": 7, "rk": 7, "pairs": 7, "force_calls": 640, "seconds": 0.09, "status": "done", "found": null, "prefix_index": 92}
{"rows": 4, "labs": [[0, 0], [0, 0], [1, 0], [1, 0], [1, 1], [1, 0]], "m": 8, "rk": 7, "pairs": 1, "force_calls": 64, "seconds": 0.01, "status": "done", "found": null, "prefix_index": 93}
{"rows": 4, "labs": [[0, 0], [0, 0], [1, 0], [1, 0], [1, 1], [0, 1]], "m": 8, "rk": 8, "pairs": 6, "force_calls": 400, "seconds": 0.06, "status": "done", "found": null, "prefix_index": 94}
{"rows": 4, "labs": [[0, 0], [0, 0], [1, 0], [1, 0], [1, 1], [1, 1]], "m": 8, "rk": 8, "pairs": 6, "force_calls": 400, "seconds": 0.05, "status": "done", "found": null, "prefix_index": 95}
{"rows": 4, "labs": [[0, 0], [0, 0], [1, 0], [0, 1], [0, 0], [0, 0]], "m": 6, "rk": 6, "pairs": 9, "force_calls": 2496, "seconds": 0.25, "status": "done", "found": null, "prefix_index": 96}
{"rows": 4, "labs": [[0, 0], [0, 0], [1, 0], [0, 1], [0, 0], [1, 0]], "m": 7, "rk": 6, "pairs": 7, "force_calls": 640, "seconds": 0.07, "status": "done", "found": null, "prefix_index": 97}
{"rows": 4, "labs": [[0, 0], [0, 0], [1, 0], [0, 1], [0, 0], [0, 1]], "m": 7, "rk": 7, "pairs": 9, "force_calls": 5368, "seconds": 0.55, "status": "done", "found": null, "prefix_index": 98}
{"rows": 4, "labs": [[0, 0], [0, 0], [1, 0], [0, 1], [0, 0], [1, 1]], "m": 7, "rk": 7, "pairs": 9, "force_calls": 5368, "seconds": 0.53, "status": "done", "found": null, "prefix_index": 99}
{"rows": 4, "labs": [[0, 0], [0, 0], [1, 0], [0, 1], [1, 0], [0, 0]], "m": 7, "rk": 7, "pairs": 7, "force_calls": 640, "seconds": 0.08, "status": "done", "found": null, "prefix_index": 100}
{"rows": 4, "labs": [[0, 0], [0, 0], [1, 0], [0, 1], [1, 0], [1, 0]], "m": 8, "rk": 7, "pairs": 1, "force_calls": 64, "seconds": 0.02, "status": "done", "found": null, "prefix_index": 101}
{"rows": 4, "labs": [[0, 0], [0, 0], [1, 0], [0, 1], [1, 0], [0, 1]], "m": 8, "rk": 8, "pairs": 9, "force_calls": 1552, "seconds": 0.18, "status": "done", "found": null, "prefix_index": 102}
{"rows": 4, "labs": [[0, 0], [0, 0], [1, 0], [0, 1], [1, 0], [1, 1]], "m": 8, "rk": 8, "pairs": 9, "force_calls": 1552, "seconds": 0.18, "status": "done", "found": null, "prefix_index": 103}
{"rows": 4, "labs": [[0, 0], [0, 0], [1, 0], [0, 1], [0, 1], [0, 0]], "m": 7, "rk": 7, "pairs": 9, "force_calls": 2080, "seconds": 0.24, "status": "done", "found": null, "prefix_index": 104}
{"rows": 4, "labs": [[0, 0], [0, 0], [1, 0], [0, 1], [0, 1], [1, 0]], "m": 8, "rk": 7, "pairs": 6, "force_calls": 400, "seconds": 0.06, "status": "done", "found": null, "prefix_index": 105}
{"rows": 4, "labs": [[0, 0], [0, 0], [1, 0], [0, 1], [0, 1], [0, 1]], "m": 8, "rk": 8, "pairs": 9, "force_calls": 1552, "seconds": 0.18, "status": "done", "found": null, "prefix_index": 106}
{"rows": 4, "labs": [[0, 0], [0, 0], [1, 0], [0, 1], [0, 1], [1, 1]], "m": 8, "rk": 8, "pairs": 9, "force_calls": 1552, "seconds": 0.2, "status": "done", "found": null, "prefix_index": 107}
{"rows": 4, "labs": [[0, 0], [0, 0], [1, 0], [0, 1], [1, 1], [0, 0]], "m": 7, "rk": 7, "pairs": 9, "force_calls": 2080, "seconds": 0.22, "status": "done", "found": null, "prefix_index": 108}
{"rows": 4, "labs": [[0, 0], [0, 0], [1, 0], [0, 1], [1, 1], [1, 0]], "m": 8, "rk": 7, "pairs": 6, "force_calls": 400, "seconds": 0.05, "status": "done", "found": null, "prefix_index": 109}
{"rows": 4, "labs": [[0, 0], [0, 0], [1, 0], [0, 1], [1, 1], [0, 1]], "m": 8, "rk": 8, "pairs": 9, "force_calls": 1552, "seconds": 0.2, "status": "done", "found": null, "prefix_index": 110}
{"rows": 4, "labs": [[0, 0], [0, 0], [1, 0], [0, 1], [1, 1], [1, 1]], "m": 8, "rk": 8, "pairs": 9, "force_calls": 1552, "seconds": 0.17, "status": "done", "found": null, "prefix_index": 111}
{"rows": 4, "labs": [[0, 0], [0, 0], [1, 0], [1, 1], [0, 0], [0, 0]], "m": 6, "rk": 6, "pairs": 9, "force_calls": 2496, "seconds": 0.24, "status": "done", "found": null, "prefix_index": 112}
{"rows": 4, "labs": [[0, 0], [0, 0], [1, 0], [1, 1], [0, 0], [1, 0]], "m": 7, "rk": 6, "pairs": 7, "force_calls": 640, "seconds": 0.07, "status": "done", "found": null, "prefix_index": 113}
{"rows": 4, "labs": [[0, 0], [0, 0], [1, 0], [1, 1], [0, 0], [0, 1]], "m": 7, "rk": 7, "pairs": 9, "force_calls": 5368, "seconds": 0.49, "status": "done", "found": null, "prefix_index": 114}
{"rows": 4, "labs": [[0, 0], [0, 0], [1, 0], [1, 1], [0, 0], [1, 1]], "m": 7, "rk": 7, "pairs": 9, "force_calls": 5368, "seconds": 0.61, "status": "done", "found": null, "prefix_index": 115}
{"rows": 4, "labs": [[0, 0], [0, 0], [1, 0], [1, 1], [1, 0], [0, 0]], "m": 7, "rk": 7, "pairs": 7, "force_calls": 640, "seconds": 0.08, "status": "done", "found": null, "prefix_index": 116}
{"rows": 4, "labs": [[0, 0], [0, 0], [1, 0], [1, 1], [1, 0], [1, 0]], "m": 8, "rk": 7, "pairs": 1, "force_calls": 64, "seconds": 0.01, "status": "done", "found": null, "prefix_index": 117}
{"rows": 4, "labs": [[0, 0], [0, 0], [1, 0], [1, 1], [1, 0], [0, 1]], "m": 8, "rk": 8, "pairs": 9, "force_calls": 1552, "seconds": 0.17, "status": "done", "found": null, "prefix_index": 118}
{"rows": 4, "labs": [[0, 0], [0, 0], [1, 0], [1, 1], [1, 0], [1, 1]], "m": 8, "rk": 8, "pairs": 9, "force_calls": 1552, "seconds": 0.17, "status": "done", "found": null, "prefix_index": 119}
{"rows": 4, "labs": [[0, 0], [0, 0], [1, 0], [1, 1], [0, 1], [0, 0]], "m": 7, "rk": 7, "pairs": 9, "force_calls": 2080, "seconds": 0.22, "status": "done", "found": null, "prefix_index": 120}
{"rows": 4, "labs": [[0, 0], [0, 0], [1, 0], [1, 1], [0, 1], [1, 0]], "m": 8, "rk": 7, "pairs": 6, "force_calls": 400, "seconds": 0.04, "status": "done", "found": null, "prefix_index": 121}
{"rows": 4, "labs": [[0, 0], [0, 0], [1, 0], [1, 1], [0, 1], [0, 1]], "m": 8, "rk": 8, "pairs": 9, "force_calls": 1552, "seconds": 0.18, "status": "done", "found": null, "prefix_index": 122}
{"rows": 4, "labs": [[0, 0], [0, 0], [1, 0], [1, 1], [0, 1], [1, 1]], "m": 8, "rk": 8, "pairs": 9, "force_calls": 1552, "seconds": 0.18, "status": "done", "found": null, "prefix_index": 123}
{"rows": 4, "labs": [[0, 0], [0, 0], [1, 0], [1, 1], [1, 1], [0, 0]], "m": 7, "rk": 7, "pairs": 9, "force_calls": 2080, "seconds": 0.24, "status": "done", "found": null, "prefix_index": 124}
{"rows": 4, "labs": [[0, 0], [0, 0], [1, 0], [1, 1], [1, 1], [1, 0]], "m": 8, "rk": 7, "pairs": 6, "force_calls": 400, "seconds": 0.04, "status": "done", "found": null, "prefix_index": 125}
{"rows": 4, "labs": [[0, 0], [0, 0], [1, 0], [1, 1], [1, 1], [0, 1]], "m": 8, "rk": 8, "pairs": 9, "force_calls": 1552, "seconds": 0.18, "status": "done", "found": null, "prefix_index": 126}
{"rows": 4, "labs": [[0, 0], [0, 0], [1, 0], [1, 1], [1, 1], [1, 1]], "m": 8, "rk": 8, "pairs": 9, "force_calls": 1552, "seconds": 0.18, "status": "done", "found": null, "prefix_index": 127}
{"rows": 4, "labs": [[0, 0], [0, 0], [0, 1], [0, 0], [0, 0], [0, 0]], "m": 5, "rk": 5, "pairs": 9, "force_calls": 4512, "seconds": 0.48, "status": "done", "found": null, "prefix_index": 128}
{"rows": 4, "labs": [[0, 0], [0, 0], [0, 1], [0, 0], [0, 0], [1, 0]], "m": 6, "rk": 6, "pairs": 9, "force_calls": 2496, "seconds": 0.27, "status": "done", "found": null, "prefix_index": 129}
{"rows": 4, "labs": [[0, 0], [0, 0], [0, 1], [0, 0], [0, 0], [0, 1]], "m": 6, "rk": 6, "pairs": 9, "force_calls": 11488, "seconds": 0.98, "status": "done", "found": null, "prefix_index": 130}
{"rows": 4, "labs": [[0, 0], [0, 0], [0, 1], [0, 0], [0, 0], [1, 1]], "m": 6, "rk": 6, "pairs": 9, "force_calls": 11488, "seconds": 1.16, "status": "done", "found": null, "prefix_index": 131}
{"rows": 4, "labs": [[0, 0], [0, 0], [0, 1], [0, 0], [1, 0], [0, 0]], "m": 6, "rk": 6, "pairs": 9, "force_calls": 2496, "seconds": 0.27, "status": "done", "found": null, "prefix_index": 132}
{"rows": 4, "labs": [[0, 0], [0, 0], [0, 1], [0, 0], [1, 0], [1, 0]], "m": 7, "rk": 7, "pairs": 7, "force_calls": 640, "seconds": 0.08, "status": "done", "found": null, "prefix_index": 133}
{"rows": 4, "labs": [[0, 0], [0, 0], [0, 1], [0, 0], [1, 0], [0, 1]], "m": 7, "rk": 7, "pairs": 9, "force_calls": 5536, "seconds": 0.5, "status": "done", "found": null, "prefix_index": 134}
{"rows": 4, "labs": [[0, 0], [0, 0], [0, 1], [0, 0], [1, 0], [1, 1]], "m": 7, "rk": 7, "pairs": 9, "force_calls": 5536, "seconds": 0.49, "status": "done", "found": null, "prefix_index": 135}
{"rows": 4, "labs": [[0, 0], [0, 0], [0, 1], [0, 0], [0, 1], [0, 0]], "m": 6, "rk": 6, "pairs": 9, "force_calls": 11440, "seconds": 1.02, "status": "done", "found": null, "prefix_index": 136}
{"rows": 4, "labs": [[0, 0], [0, 0], [0, 1], [0, 0], [0, 1], [1, 0]], "m": 7, "rk": 7, "pairs": 9, "force_calls": 5320, "seconds": 0.5, "status": "done", "found": null, "prefix_index": 137}
{"rows": 4, "labs": [[0, 0], [0, 0], [0, 1], [0, 0], [0, 1], [0, 1]], "m": 7, "rk": 7, "pairs": 9, "force_calls": 12540, "seconds": 1.08, "status": "done", "found": null, "prefix_index": 138}
{"rows": 4, "labs": [[0, 0], [0, 0], [0, 1], [0, 0], [0, 1], [1, 1]], "m": 7, "rk": 7, "pairs": 9, "force_calls": 12732, "seconds": 1.18, "status": "done", "found": null, "prefix_index": 139}
{"rows": 4, "labs": [[0, 0], [0, 0], [0, 1], [0, 0], [1, 1], [0, 0]], "m": 6, "rk": 6, "pairs": 9, "force_calls": 11440, "seconds": 1.21, "status": "done", "found": null, "prefix_index": 140}
{"rows": 4, "labs": [[0, 0], [0, 0], [0, 1], [0, 0], [1, 1], [1, 0]], "m": 7, "rk": 7, "pairs": 9, "force_calls": 5320, "seconds": 0.6, "status": "done", "found": null, "prefix_index": 141}
{"rows": 4, "labs": [[0, 0], [0, 0], [0, 1], [0, 0], [1, 1], [0, 1]], "m": 7, "rk": 7, "pairs": 9, "force_calls": 12732, "seconds": 1.34, "status": "done", "found": null, "prefix_index": 142}
{"rows": 4, "labs": [[0, 0], [0, 0], [0, 1], [0, 0], [1, 1], [1, 1]], "m": 7, "rk": 7, "pairs": 9, "force_calls": 12540, "seconds": 1.33, "status": "done", "found": null, "prefix_index": 143}
{"rows": 4, "labs": [[0, 0], [0, 0], [0, 1], [1, 0], [0, 0], [0, 0]], "m": 6, "rk": 6, "pairs": 9, "force_calls": 2496, "seconds": 0.31, "status": "done", "found": null, "prefix_index": 144}
{"rows": 4, "labs": [[0, 0], [0, 0], [0, 1], [1, 0], [0, 0], [1, 0]], "m": 7, "rk": 7, "pairs": 7, "force_calls": 640, "seconds": 0.1, "status": "done", "found": null, "prefix_index": 145}
{"rows": 4, "labs": [[0, 0], [0, 0], [0, 1], [1, 0], [0, 0], [0, 1]], "m": 7, "rk": 7, "pairs": 9, "force_calls": 5536, "seconds": 0.46, "status": "done", "found": null, "prefix_index": 146}
{"rows": 4, "labs": [[0, 0], [0, 0], [0, 1], [1, 0], [0, 0], [1, 1]], "m": 7, "rk": 7, "pairs": 9, "force_calls": 5536, "seconds": 0.51, "status": "done", "found": null, "prefix_index": 147}
{"rows": 4, "labs": [[0, 0], [0, 0], [0, 1], [1, 0], [1, 0], [0, 0]], "m": 7, "rk": 7, "pairs": 7, "force_calls": 640, "seconds": 0.09, "status": "done", "found": null, "prefix_index": 148}
{"rows": 4, "labs": [[0, 0], [0, 0], [0, 1], [1, 0], [1, 0], [1, 0]], "m": 8, "rk": 8, "pairs": 1, "force_calls": 64, "seconds": 0.01, "status": "done", "found": null, "prefix_index": 149}
{"rows": 4, "labs": [[0, 0], [0, 0], [0, 1], [1, 0], [1, 0], [0, 1]], "m": 8, "rk": 8, "pairs": 9, "force_calls": 1552, "seconds": 0.15, "status": "done", "found": null, "prefix_index": 150}
{"rows": 4, "labs": [[0, 0], [0, 0], [0, 1], [1, 0], [1, 0], [1, 1]], "m": 8, "rk": 8, "pairs": 9, "force_calls": 1552, "seconds": 0.17, "status": "done", "found": null, "prefix_index": 151}
{"rows": 4, "labs": [[0, 0], [0, 0], [0, 1], [1, 0], [0, 1], [0, 0]], "m": 7, "rk": 7, "pairs": 9, "force_calls": 5512, "seconds": 0.63, "status": "done", "found": null, "prefix_index": 152}
{"rows": 4, "labs": [[0, 0], [0, 0], [0, 1], [1, 0], [0, 1], [1, 0]], "m": 8, "rk": 8, "pairs": 9, "force_calls": 1552, "seconds": 0.18, "status": "done", "found": null, "prefix_index": 153}
{"rows": 4, "labs": [[0, 0], [0, 0], [0, 1], [1, 0], [0, 1], [0, 1]], "m": 8, "rk": 8, "pairs": 9, "force_calls": 4728, "seconds": 0.44, "status": "done", "found": null, "prefix_index": 154}
{"rows": 4, "labs": [[0, 0], [0, 0], [0, 1], [1, 0], [0, 1], [1, 1]], "m": 8, "rk": 8, "pairs": 9, "force_calls": 4752, "seconds": 0.46, "status": "done", "found": null, "prefix_index": 155}
{"rows": 4, "labs": [[0, 0], [0, 0], [0, 1], [1, 0], [1, 1], [0, 0]], "m": 7, "rk": 7, "pairs": 9, "force_calls": 5512, "seconds": 0.57, "status": "done", "found": null, "prefix_index": 156}
{"rows": 4, "labs": [[0, 0], [0, 0], [0, 1], [1, 0], [1, 1], [1, 0]], "m": 8, "rk": 8, "pairs": 9, "force_calls": 1552, "seconds": 0.21, "status": "done", "found": null, "prefix_index": 157}
{"rows": 4, "labs": [[0, 0], [0, 0], [0, 1], [1, 0], [1, 1], [0, 1]], "m": 8, "rk": 8, "pairs": 9, "force_calls": 4752, "seconds": 0.76, "status": "done", "found": null, "prefix_index": 158}
{"rows": 4, "labs": [[0, 0], [0, 0], [0, 1], [1, 0], [1, 1], [1, 1]], "m": 8, "rk": 8, "pairs": 9, "force_calls": 4728, "seconds": 0.55, "status": "done", "found": null, "prefix_index": 159}
{"rows": 4, "labs": [[0, 0], [0, 0], [0, 1], [0, 1], [0, 0], [0, 0]], "m": 6, "rk": 6, "pairs": 9, "force_calls": 11728, "seconds": 1.24, "status": "done", "found": null, "prefix_index": 160}
{"rows": 4, "labs": [[0, 0], [0, 0], [0, 1], [0, 1], [0, 0], [1, 0]], "m": 7, "rk": 7, "pairs": 9, "force_calls": 5368, "seconds": 0.55, "status": "done", "found": null, "prefix_index": 161}
{"rows": 4, "labs": [[0, 0], [0, 0], [0, 1], [0, 1], [0, 0], [0, 1]], "m": 7, "rk": 7, "pairs": 9, "force_calls": 28346, "seconds": 2.67, "status": "done", "found": null, "prefix_index": 162}
{"rows": 4, "labs": [[0, 0], [0, 0], [0, 1], [0, 1], [0, 0], [1, 1]], "m": 7, "rk": 7, "pairs": 9, "force_calls": 28346, "seconds": 2.62, "status": "done", "found": null, "prefix_index": 163}
{"rows": 4, "labs": [[0, 0], [0, 0], [0, 1], [0, 1], [1, 0], [0, 0]], "m": 7, "rk": 7, "pairs": 9, "force_calls": 5464, "seconds": 0.56, "status": "done", "found": null, "prefix_index": 164}
{"rows": 4, "labs": [[0, 0], [0, 0], [0, 1], [0, 1], [1, 0], [1, 0]], "m": 8, "rk": 8, "pairs": 9, "force_calls": 1552, "seconds": 0.16, "status": "done", "found": null, "prefix_index": 165}
{"rows": 4, "labs": [[0, 0], [0, 0], [0, 1], [0, 1], [1, 0], [0, 1]], "m": 8, "rk": 8, "pairs": 9, "force_calls": 12464, "seconds": 1.21, "status": "done", "found": null, "prefix_index": 166}
{"rows": 4, "labs": [[0, 0], [0, 0], [0, 1], [0, 1], [1, 0], [1, 1]], "m": 8, "rk": 8, "pairs": 9, "force_calls": 12464, "seconds": 1.23, "status": "done", "found": null, "prefix_index": 167}
{"rows": 4, "labs": [[0, 0], [0, 0], [0, 1], [0, 1], [0, 1], [0, 0]], "m": 7, "rk": 7, "pairs": 9, "force_calls": 12648, "seconds": 1.76, "status": "done", "found": null, "prefix_index": 168}
{"rows": 4, "labs": [[0, 0], [0, 0], [0, 1], [0, 1], [0, 1], [1, 0]], "m": 8, "rk": 8, "pairs": 9, "force_calls": 4596, "seconds": 0.51, "status": "done", "found": null, "prefix_index": 169}
{"rows": 4, "labs": [[0, 0], [0, 0], [0, 1], [0, 1], [0, 1], [0, 1]], "m": 8, "rk": 8, "pairs": 9, "force_calls": 12026, "seconds": 1.21, "status": "done", "found": null, "prefix_index": 170}
{"rows": 4, "labs": [[0, 0], [0, 0], [0, 1], [0, 1], [0, 1], [1, 1]], "m": 8, "rk": 8, "pairs": 9, "force_calls": 12266, "seconds": 1.32, "status": "done", "found": null, "prefix_index": 171}
{"rows": 4, "labs": [[0, 0], [0, 0], [0, 1], [0, 1], [1, 1], [0, 0]], "m": 7, "rk": 7, "pairs": 9, "force_calls": 12852, "seconds": 1.49, "status": "done", "found": null, "prefix_index": 172}
{"rows": 4, "labs": [[0, 0], [0, 0], [0, 1], [0, 1], [1, 1], [1, 0]], "m": 8, "rk": 8, "pairs": 9, "force_calls": 4656, "seconds": 0.53, "status": "done", "found": null, "prefix_index": 173}
{"rows": 4, "labs": [[0, 0], [0, 0], [0, 1], [0, 1], [1, 1], [0, 1]], "m": 8, "rk": 8, "pairs": 9, "force_calls": 12434, "seconds": 1.32, "status": "done", "found": null, "prefix_index": 174}
{"rows": 4, "labs": [[0, 0], [0, 0], [0, 1], [0, 1], [1, 1], [1, 1]], "m": 8, "rk": 8, "pairs": 9, "force_calls": 12278, "seconds": 1.38, "status": "done", "found": null, "prefix_index": 175}
{"rows": 4, "labs": [[0, 0], [0, 0], [0, 1], [1, 1], [0, 0], [0, 0]], "m": 6, "rk": 6, "pairs": 9, "force_calls": 11728, "seconds": 1.31, "status": "done", "found": null, "prefix_index": 176}
{"rows": 4, "labs": [[0, 0], [0, 0], [0, 1], [1, 1], [0, 0], [1, 0]], "m": 7, "rk": 7, "pairs": 9, "force_calls": 5368, "seconds": 0.57, "status": "done", "found": null, "prefix_index": 177}
{"rows": 4, "labs": [[0, 0], [0, 0], [0, 1], [1, 1], [0, 0], [0, 1]], "m": 7, "rk": 7, "pairs": 9, "force_calls": 28346, "seconds": 2.68, "status": "done", "found": null, "prefix_index": 178}
{"rows": 4, "labs": [[0, 0], [0, 0], [0, 1], [1, 1], [0, 0], [1, 1]], "m": 7, "rk": 7, "pairs": 9, "force_calls": 28346, "seconds": 2.8, "status": "done", "found": null, "prefix_index": 179}
{"rows": 4, "labs": [[0, 0], [0, 0], [0, 1], [1, 1], [1, 0], [0, 0]], "m": 7, "rk": 7, "pairs": 9, "force_calls": 5464, "seconds": 0.66, "status": "done", "found": null, "prefix_index": 180}
{"rows": 4, "labs": [[0, 0], [0, 0], [0, 1], [1, 1], [1, 0], [1, 0]], "m": 8, "rk": 8, "pairs": 9, "force_calls": 1552, "seconds": 0.17, "status": "done", "found": null, "prefix_index": 181}
{"rows": 4, "labs": [[0, 0], [0, 0], [0, 1], [1, 1], [1, 0], [0, 1]], "m": 8, "rk": 8, "pairs": 9, "force_calls": 12464, "seconds": 1.29, "status": "done", "found": null, "prefix_index": 182}
{"rows": 4, "labs": [[0, 0], [0, 0], [0, 1], [1, 1], [1, 0], [1, 1]], "m": 8, "rk": 8, "pairs": 9, "force_calls": 12464, "seconds": 1.21, "status": "done", "found": null, "prefix_index": 183}
{"rows": 4, "labs": [[0, 0], [0, 0], [0, 1], [1, 1], [0, 1], [0, 0]], "m": 7, "rk": 7, "pairs": 9, "force_calls": 12852, "seconds": 1.36, "status": "done", "found": null, "prefix_index": 184}
{"rows": 4, "labs": [[0, 0], [0, 0], [0, 1], [1, 1], [0, 1], [1, 0]], "m": 8, "rk": 8, "pairs": 9, "force_calls": 4656, "seconds": 0.62, "status": "done", "found": null, "prefix_index": 185}
{"rows": 4, "labs": [[0, 0], [0, 0], [0, 1], [1, 1], [0, 1], [0, 1]], "m": 8, "rk": 8, "pairs": 9, "force_calls": 12278, "seconds": 1.29, "status": "done", "found": null, "prefix_index": 186}
{"rows": 4, "labs": [[0, 0], [0, 0], [0, 1], [1, 1], [0, 1], [1, 1]], "m": 8, "rk": 8, "pairs": 9, "force_calls": 12434, "seconds": 1.28, "status": "done", "found": null, "prefix_index": 187}
{"rows": 4, "labs": [[0, 0], [0, 0], [0, 1], [1, 1], [1, 1], [0, 0]], "m": 7, "rk": 7, "pairs": 9, "force_calls": 12648, "seconds": 1.34, "status": "done", "found": null, "prefix_index": 188}
{"rows": 4, "labs": [[0, 0], [0, 0], [0, 1], [1, 1], [1, 1], [1, 0]], "m": 8, "rk": 8, "pairs": 9, "force_calls": 4596, "seconds": 0.5, "status": "done", "found": null, "prefix_index": 189}
{"rows": 4, "labs": [[0, 0], [0, 0], [0, 1], [1, 1], [1, 1], [0, 1]], "m": 8, "rk": 8, "pairs": 9, "force_calls": 12266, "seconds": 1.22, "status": "done", "found": null, "prefix_index": 190}
{"rows": 4, "labs": [[0, 0], [0, 0], [0, 1], [1, 1], [1, 1], [1, 1]], "m": 8, "rk": 8, "pairs": 9, "force_calls": 12026, "seconds": 1.29, "status": "done", "found": null, "prefix_index": 191}
{"rows": 4, "labs": [[0, 0], [0, 0], [1, 1], [0, 0], [0, 0], [0, 0]], "m": 5, "rk": 5, "pairs": 9, "force_calls": 4512, "seconds": 0.59, "status": "done", "found": null, "prefix_index": 192}
{"rows": 4, "labs": [[0, 0], [0, 0], [1, 1], [0, 0], [0, 0], [1, 0]], "m": 6, "rk": 6, "pairs": 9, "force_calls": 2496, "seconds": 0.3, "status": "done", "found": null, "prefix_index": 193}
{"rows": 4, "labs": [[0, 0], [0, 0], [1, 1], [0, 0], [0, 0], [0, 1]], "m": 6, "rk": 6, "pairs": 9, "force_calls": 11488, "seconds": 0.97, "status": "done", "found": null, "prefix_index": 194}
{"rows": 4, "labs": [[0, 0], [0, 0], [1, 1], [0, 0], [0, 0], [1, 1]], "m": 6, "rk": 6, "pairs": 9, "force_calls": 11488, "seconds": 1.12, "status": "done", "found": null, "prefix_index": 195}
{"rows": 4, "labs": [[0, 0], [0, 0], [1, 1], [0, 0], [1, 0], [0, 0]], "m": 6, "rk": 6, "pairs": 9, "force_calls": 2496, "seconds": 0.25, "status": "done", "found": null, "prefix_index": 196}
{"rows": 4, "labs": [[0, 0], [0, 0], [1, 1], [0, 0], [1, 0], [1, 0]], "m": 7, "rk": 7, "pairs": 7, "force_calls": 640, "seconds": 0.08, "status": "done", "found": null, "prefix_index": 197}
{"rows": 4, "labs": [[0, 0], [0, 0], [1, 1], [0, 0], [1, 0], [0, 1]], "m": 7, "rk": 7, "pairs": 9, "force_calls": 5536, "seconds": 0.48, "status": "done", "found": null, "prefix_index": 198}
{"rows": 4, "labs": [[0, 0], [0, 0], [1, 1], [0, 0], [1, 0], [1, 1]], "m": 7, "rk": 7, "pairs": 9, "force_calls": 5536, "seconds": 0.47, "status": "done", "found": null, "prefix_index": 199}
{"rows": 4, "labs": [[0, 0], [0, 0], [1, 1], [0, 0], [0, 1], [0, 0]], "m": 6, "rk": 6, "pairs": 9, "force_calls": 11440, "seconds": 1.1, "status": "done", "found": null, "prefix_index": 200}
{"rows": 4, "labs": [[0, 0], [0, 0], [1, 1], [0, 0], [0, 1], [1, 0]], "m": 7, "rk": 7, "pairs": 9, "force_calls": 5320, "seconds": 0.48, "status": "done", "found": null, "prefix_index": 201}
{"rows": 4, "labs": [[0, 0], [0, 0], [1, 1], [0, 0], [0, 1], [0, 1]], "m": 7, "rk": 7, "pairs": 9, "force_calls": 12540, "seconds": 1.35, "status": "done", "found": null, "prefix_index": 202}
{"rows": 4, "labs": [[0, 0], [0, 0], [1, 1], [0, 0], [0, 1], [1, 1]], "m": 7, "rk": 7, "pairs": 9, "force_calls": 12732, "seconds": 1.42, "status": "done", "found": null, "prefix_index": 203}
{"rows": 4, "labs": [[0, 0], [0, 0], [1, 1], [0, 0], [1, 1], [0, 0]], "m": 6, "rk": 6, "pairs": 9, "force_calls": 11440, "seconds": 1.23, "status": "done", "found": null, "prefix_index": 204}
{"rows": 4, "labs": [[0, 0], [0, 0], [1, 1], [0, 0], [1, 1], [1, 0]], "m": 7, "rk": 7, "pairs": 9, "force_calls": 5320, "seconds": 0.57, "status": "done", "found": null, "prefix_index": 205}
{"rows": 4, "labs": [[0, 0], [0, 0], [1, 1], [0, 0], [1, 1], [0, 1]], "m": 7, "rk": 7, "pairs": 9, "force_calls": 12732, "seconds": 1.41, "status": "done", "found": null, "prefix_index": 206}
{"rows": 4, "labs": [[0, 0], [0, 0], [1, 1], [0, 0], [1, 1], [1, 1]], "m": 7, "rk": 7, "pairs": 9, "force_calls": 12540, "seconds": 1.39, "status": "done", "found": null, "prefix_index": 207}
{"rows": 4, "labs": [[0, 0], [0, 0], [1, 1], [1, 0], [0, 0], [0, 0]], "m": 6, "rk": 6, "pairs": 9, "force_calls": 2496, "seconds": 0.36, "status": "done", "found": null, "prefix_index": 208}
{"rows": 4, "labs": [[0, 0], [0, 0], [1, 1], [1, 0], [0, 0], [1, 0]], "m": 7, "rk": 7, "pairs": 7, "force_calls": 640, "seconds": 0.08, "status": "done", "found": null, "prefix_index": 209}
{"rows": 4, "labs": [[0, 0], [0, 0], [1, 1], [1, 0], [0, 0], [0, 1]], "m": 7, "rk": 7, "pairs": 9, "force_calls": 5536, "seconds": 0.67, "status": "done", "found": null, "prefix_index": 210}
{"rows": 4, "labs": [[0, 0], [0, 0], [1, 1], [1, 0], [0, 0], [1, 1]], "m": 7, "rk": 7, "pairs": 9, "force_calls": 5536, "seconds": 0.5, "status": "done", "found": null, "prefix_index": 211}
{"rows": 4, "labs": [[0, 0], [0, 0], [1, 1], [1, 0], [1, 0], [0, 0]], "m": 7, "rk": 7, "pairs": 7, "force_calls": 640, "seconds": 0.08, "status": "done", "found": null, "prefix_index": 212}
{"rows": 4, "labs": [[0, 0], [0, 0], [1, 1], [1, 0], [1, 0], [1, 0]], "m": 8, "rk": 8, "pairs": 1, "force_calls": 64, "seconds": 0.01, "status": "done", "found": null, "prefix_index": 213}
{"rows": 4, "labs": [[0, 0], [0, 0], [1, 1], [1, 0], [1, 0], [0, 1]], "m": 8, "rk": 8, "pairs": 9, "force_calls": 1552, "seconds": 0.17, "status": "done", "found": null, "prefix_index": 214}
{"rows": 4, "labs": [[0, 0], [0, 0], [1, 1], [1, 0], [1, 0], [1, 1]], "m": 8, "rk": 8, "pairs": 9, "force_calls": 1552, "seconds": 0.16, "status": "done", "found": null, "prefix_index": 215}
{"rows": 4, "labs": [[0, 0], [0, 0], [1, 1], [1, 0], [0, 1], [0, 0]], "m": 7, "rk": 7, "pairs": 9, "force_calls": 5512, "seconds": 0.54, "status": "done", "found": null, "prefix_index": 216}
{"rows": 4, "labs": [[0, 0], [0, 0], [1, 1], [1, 0], [0, 1], [1, 0]], "m": 8, "rk": 8, "pairs": 9, "force_calls": 1552, "seconds": 0.17, "status": "done", "found": null, "prefix_index": 217}
{"rows": 4, "labs": [[0, 0], [0, 0], [1, 1], [1, 0], [0, 1], [0, 1]], "m": 8, "rk": 8, "pairs": 9, "force_calls": 4728, "seconds": 0.46, "status": "done", "found": null, "prefix_index": 218}
{"rows": 4, "labs": [[0, 0], [0, 0], [1, 1], [1, 0], [0, 1], [1, 1]], "m": 8, "rk": 8, "pairs": 9, "force_calls": 4752, "seconds": 0.52, "status": "done", "found": null, "prefix_index": 219}
{"rows": 4, "labs": [[0, 0], [0, 0], [1, 1], [1, 0], [1, 1], [0, 0]], "m": 7, "rk": 7, "pairs": 9, "force_calls": 5512, "seconds": 0.58, "status": "done", "found": null, "prefix_index": 220}
{"rows": 4, "labs": [[0, 0], [0, 0], [1, 1], [1, 0], [1, 1], [1, 0]], "m": 8, "rk": 8, "pairs": 9, "force_calls": 1552, "seconds": 0.18, "status": "done", "found": null, "prefix_index": 221}
{"rows": 4, "labs": [[0, 0], [0, 0], [1, 1], [1, 0], [1, 1], [0, 1]], "m": 8, "rk": 8, "pairs": 9, "force_calls": 4752, "seconds": 0.5, "status": "done", "found": null, "prefix_index": 222}
{"rows": 4, "labs": [[0, 0], [0, 0], [1, 1], [1, 0], [1, 1], [1, 1]], "m": 8, "rk": 8, "pairs": 9, "force_calls": 4728, "seconds": 0.41, "status": "done", "found": null, "prefix_index": 223}
{"rows": 4, "labs": [[0, 0], [0, 0], [1, 1], [0, 1], [0, 0], [0, 0]], "m": 6, "rk": 6, "pairs": 9, "force_calls": 11728, "seconds": 1.08, "status": "done", "found": null, "prefix_index": 224}
{"rows": 4, "labs": [[0, 0], [0, 0], [1, 1], [0, 1], [0, 0], [1, 0]], "m": 7, "rk": 7, "pairs": 9, "force_calls": 5368, "seconds": 0.46, "status": "done", "found": null, "prefix_index": 225}
{"rows": 4, "labs": [[0, 0], [0, 0], [1, 1], [0, 1], [0, 0], [0, 1]], "m": 7, "rk": 7, "pairs": 9, "force_calls": 28346, "seconds": 2.34, "status": "done", "found": null, "prefix_index": 226}
{"rows": 4, "labs": [[0, 0], [0, 0], [1, 1], [0, 1], [0, 0], [1, 1]], "m": 7, "rk": 7, "pairs": 9, "force_calls": 28346, "seconds": 2.4, "status": "done", "found": null, "prefix_index": 227}
{"rows": 4, "labs": [[0, 0], [0, 0], [1, 1], [0, 1], [1, 0], [0, 0]], "m": 7, "rk": 7, "pairs": 9, "force_calls": 5464, "seconds": 0.51, "status": "done", "found": null, "prefix_index": 228}
{"rows": 4, "labs": [[0, 0], [0, 0], [1, 1], [0, 1], [1, 0], [1, 0]], "m": 8, "rk": 8, "pairs": 9, "force_calls": 1552, "seconds": 0.15, "status": "done", "found": null, "prefix_index": 229}
{"rows": 4, "labs": [[0, 0], [0, 0], [1, 1], [0, 1], [1, 0], [0, 1]], "m": 8, "rk": 8, "pairs": 9, "force_calls": 12464, "seconds": 1.34, "status": "done", "found": null, "prefix_index": 230}
{"rows": 4, "labs": [[0, 0], [0, 0], [1, 1], [0, 1], [1, 0], [1, 1]], "m": 8, "rk": 8, "pairs": 9, "force_calls": 12464, "seconds": 1.19, "status": "done", "found": null, "prefix_index": 231}
{"rows": 4, "labs": [[0, 0], [0, 0], [1, 1], [0, 1], [0, 1], [0, 0]], "m": 7, "rk": 7, "pairs": 9, "force_calls": 12648, "seconds": 1.24, "status": "done", "found": null, "prefix_index": 232}
{"rows": 4, "labs": [[0, 0], [0, 0], [1, 1], [0, 1], [0, 1], [1, 0]], "m": 8, "rk": 8, "pairs": 9, "force_calls": 4596, "seconds": 0.5, "status": "done", "found": null, "prefix_index": 233}
{"rows": 4, "labs": [[0, 0], [0, 0], [1, 1], [0, 1], [0, 1], [0, 1]], "m": 8, "rk": 8, "pairs": 9, "force_calls": 12026, "seconds": 1.14, "status": "done", "found": null, "prefix_index": 234}
{"rows": 4, "labs": [[0, 0], [0, 0], [1, 1], [0, 1], [0, 1], [1, 1]], "m": 8, "rk": 8, "pairs": 9, "force_calls": 12266, "seconds": 1.17, "status": "done", "found": null, "prefix_index": 235}
{"rows": 4, "labs": [[0, 0], [0, 0], [1, 1], [0, 1], [1, 1], [0, 0]], "m": 7, "rk": 7, "pairs": 9, "force_calls": 12852, "seconds": 1.37, "status": "done", "found": null, "prefix_index": 236}
{"rows": 4, "labs": [[0, 0], [0, 0], [1, 1], [0, 1], [1, 1], [1, 0]], "m": 8, "rk": 8, "pairs": 9, "force_calls": 4656, "seconds": 0.52, "status": "done", "found": null, "prefix_index": 237}
{"rows": 4, "labs": [[0, 0], [0, 0], [1, 1], [0, 1], [1, 1], [0, 1]], "m": 8, "rk": 8, "pairs": 9, "force_calls": 12434, "seconds": 1.31, "status": "done", "found": null, "prefix_index": 238}
{"rows": 4, "labs": [[0, 0], [0, 0], [1, 1], [0, 1], [1, 1], [1, 1]], "m": 8, "rk": 8, "pairs": 9, "force_calls": 12278, "seconds": 1.25, "status": "done", "found": null, "prefix_index": 239}
{"rows": 4, "labs": [[0, 0], [0, 0], [1, 1], [1, 1], [0, 0], [0, 0]], "m": 6, "rk": 6, "pairs": 9, "force_calls": 11728, "seconds": 1.23, "status": "done", "found": null, "prefix_index": 240}
{"rows": 4, "labs": [[0, 0], [0, 0], [1, 1], [1, 1], [0, 0], [1, 0]], "m": 7, "rk": 7, "pairs": 9, "force_calls": 5368, "seconds": 0.65, "status": "done", "found": null, "prefix_index": 241}
{"rows": 4, "labs": [[0, 0], [0, 0], [1, 1], [1, 1], [0, 0], [0, 1]], "m": 7, "rk": 7, "pairs": 9, "force_calls": 28346, "seconds": 2.75, "status": "done", "found": null, "prefix_index": 242}
{"rows": 4, "labs": [[0, 0], [0, 0], [1, 1], [1, 1], [0, 0], [1, 1]], "m": 7, "rk": 7, "pairs": 9, "force_calls": 28346, "seconds": 3.81, "status": "done", "found": null, "prefix_index": 243}
{"rows": 4, "labs": [[0, 0], [0, 0], [1, 1], [1, 1], [1, 0], [0, 0]], "m": 7, "rk": 7, "pairs": 9, "force_calls": 5464, "seconds": 1.1, "status": "done", "found": null, "prefix_index": 244}
{"rows": 4, "labs": [[0, 0], [0, 0], [1, 1], [1, 1], [1, 0], [1, 0]], "m": 8, "rk": 8, "pairs": 9, "force_calls": 1552, "seconds": 0.3, "status": "done", "found": null, "prefix_index": 245}
{"rows": 4, "labs": [[0, 0], [0, 0], [1, 1], [1, 1], [1, 0], [0, 1]], "m": 8, "rk": 8, "pairs": 9, "force_calls": 12464, "seconds": 1.85, "status": "done", "found": null, "prefix_index": 246}
{"rows": 4, "labs": [[0, 0], [0, 0], [1, 1], [1, 1], [1, 0], [1, 1]], "m": 8, "rk": 8, "pairs": 9, "force_calls": 12464, "seconds": 1.52, "status": "done", "found": null, "prefix_index": 247}
{"rows": 4, "labs": [[0, 0], [0, 0], [1, 1], [1, 1], [0, 1], [0, 0]], "m": 7, "rk": 7, "pairs": 9, "force_calls": 12852, "seconds": 1.75, "status": "done", "found": null, "prefix_index": 248}
{"rows": 4, "labs": [[0, 0], [0, 0], [1, 1], [1, 1], [0, 1], [1, 0]], "m": 8, "rk": 8, "pairs": 9, "force_calls": 4656, "seconds": 0.63, "status": "done", "found": null, "prefix_index": 249}
{"rows": 4, "labs": [[0, 0], [0, 0], [1, 1], [1, 1], [0, 1], [0, 1]], "m": 8, "rk": 8, "pairs": 9, "force_calls": 12278, "seconds": 1.31, "status": "done", "found": null, "prefix_index": 250}
{"rows": 4, "labs": [[0, 0], [0, 0], [1, 1], [1, 1], [0, 1], [1, 1]], "m": 8, "rk": 8, "pairs": 9, "force_calls": 12434, "seconds": 1.38, "status": "done", "found": null, "prefix_index": 251}
{"rows": 4, "labs": [[0, 0], [0, 0], [1, 1], [1, 1], [1, 1], [0, 0]], "m": 7, "rk": 7, "pairs": 9, "force_calls": 12648, "seconds": 1.37, "status": "done", "found": null, "prefix_index": 252}
{"rows": 4, "labs": [[0, 0], [0, 0], [1, 1], [1, 1], [1, 1], [1, 0]], "m": 8, "rk": 8, "pairs": 9, "force_calls": 4596, "seconds": 0.55, "status": "done", "found": null, "prefix_index": 253}
{"rows": 4, "labs": [[0, 0], [0, 0], [1, 1], [1, 1], [1, 1], [0, 1]], "m": 8, "rk": 8, "pairs": 9, "force_calls": 12266, "seconds": 1.45, "status": "done", "found": null, "prefix_index": 254}
{"rows": 4, "labs": [[0, 0], [0, 0], [1, 1], [1, 1], [1, 1], [1, 1]], "m": 8, "rk": 8, "pairs": 9, "force_calls": 12026, "seconds": 1.62, "status": "done", "found": null, "prefix_index": 255}
{"rows": 4, "labs": [[0, 0], [1, 0], [0, 0], [0, 0], [0, 0], [0, 0]], "m": 5, "rk": 5, "pairs": 9, "force_calls": 1280, "seconds": 0.34, "status": "done", "found": null, "prefix_index": 256}
{"rows": 4, "labs": [[0, 0], [1, 0], [0, 0], [0, 0], [0, 0], [1, 0]], "m": 6, "rk": 6, "pairs": 1, "force_calls": 256, "seconds": 0.04, "status": "done", "found": null, "prefix_index": 257}
{"rows": 4, "labs": [[0, 0], [1, 0], [0, 0], [0, 0], [0, 0], [0, 1]], "m": 6, "rk": 6, "pairs": 9, "force_calls": 2496, "seconds": 0.55, "status": "done", "found": null, "prefix_index": 258}
{"rows": 4, "labs": [[0, 0], [1, 0], [0, 0], [0, 0], [0, 0], [1, 1]], "m": 6, "rk": 6, "pairs": 9, "force_calls": 2496, "seconds": 0.47, "status": "done", "found": null, "prefix_index": 259}
{"rows": 4, "labs": [[0, 0], [1, 0], [0, 0], [0, 0], [1, 0], [0, 0]], "m": 6, "rk": 5, "pairs": 1, "force_calls": 256, "seconds": 0.05, "status": "done", "found": null, "prefix_index": 260}
{"rows": 4, "labs": [[0, 0], [1, 0], [0, 0], [0, 0], [1, 0], [1, 0]], "m": 7, "rk": 6, "pairs": 0, "force_calls": 0, "seconds": 0.0, "status": "done", "found": null, "prefix_index": 261}
{"rows": 4, "labs": [[0, 0], [1, 0], [0, 0], [0, 0], [1, 0], [0, 1]], "m": 7, "rk": 6, "pairs": 7, "force_calls": 640, "seconds": 0.13, "status": "done", "found": null, "prefix_index": 262}
{"rows": 4, "labs": [[0, 0], [1, 0], [0, 0], [0, 0], [1, 0], [1, 1]], "m": 7, "rk": 6, "pairs": 7, "force_calls": 640, "seconds": 0.1, "status": "done", "found": null, "prefix_index": 263}
{"rows": 4, "labs": [[0, 0], [1, 0], [0, 0], [0, 0], [0, 1], [0, 0]], "m": 6, "rk": 6, "pairs": 9, "force_calls": 2496, "seconds": 0.53, "status": "done", "found": null, "prefix_index": 264}
{"rows": 4, "labs": [[0, 0], [1, 0], [0, 0], [0, 0], [0, 1], [1, 0]], "m": 7, "rk": 7, "pairs": 7, "force_calls": 640, "seconds": 0.14, "status": "done", "found": null, "prefix_index": 265}
{"rows": 4, "labs": [[0, 0], [1, 0], [0, 0], [0, 0], [0, 1], [0, 1]], "m": 7, "rk": 7, "pairs": 9, "force_calls": 2080, "seconds": 0.27, "status": "done", "found": null, "prefix_index": 266}
{"rows": 4, "labs": [[0, 0], [1, 0], [0, 0], [0, 0], [0, 1], [1, 1]], "m": 7, "rk": 7, "pairs": 9, "force_calls": 2080, "seconds": 0.28, "status": "done", "found": null, "prefix_index": 267}
{"rows": 4, "labs": [[0, 0], [1, 0], [0, 0], [0, 0], [1, 1], [0, 0]], "m": 6, "rk": 6, "pairs": 9, "force_calls": 2496, "seconds": 0.57, "status": "done", "found": null, "prefix_index": 268}
{"rows": 4, "labs": [[0, 0], [1, 0], [0, 0], [0, 0], [1, 1], [1, 0]], "m": 7, "rk": 7, "pairs": 7, "force_calls": 640, "seconds": 0.09, "status": "done", "found": null, "prefix_index": 269}
{"rows": 4, "labs": [[0, 0], [1, 0], [0, 0], [0, 0], [1, 1], [0, 1]], "m": 7, "rk": 7, "pairs": 9, "force_calls": 2080, "seconds": 0.34, "status": "done", "found": null, "prefix_index": 270}
{"rows": 4, "labs": [[0, 0], [1, 0], [0, 0], [0, 0], [1, 1], [1, 1]], "m": 7, "rk": 7, "pairs": 9, "force_calls": 2080, "seconds": 0.3, "status": "done", "found": null, "prefix_index": 271}
{"rows": 4, "labs": [[0, 0], [1, 0], [0, 0], [1, 0], [0, 0], [0, 0]], "m": 6, "rk": 6, "pairs": 1, "force_calls": 256, "seconds": 0.04, "status": "done", "found": null, "prefix_index": 272}
{"rows": 4, "labs": [[0, 0], [1, 0], [0, 0], [1, 0], [0, 0], [1, 0]], "m": 7, "rk": 7, "pairs": 0, "force_calls": 0, "seconds": 0.0, "status": "done", "found": null, "prefix_index": 273}
{"rows": 4, "labs": [[0, 0], [1, 0], [0, 0], [1, 0], [0, 0], [0, 1]], "m": 7, "rk": 7, "pairs": 7, "force_calls": 640, "seconds": 0.1, "status": "done", "found": null, "prefix_index": 274}
{"rows": 4, "labs": [[0, 0], [1, 0], [0, 0], [1, 0], [0, 0], [1, 1]], "m": 7, "rk": 7, "pairs": 7, "force_calls": 640, "seconds": 0.09, "status": "done", "found": null, "prefix_index": 275}
{"rows": 4, "labs": [[0, 0], [1, 0], [0, 0], [1, 0], [1, 0], [0, 0]], "m": 7, "rk": 6, "pairs": 0, "force_calls": 0, "seconds": 0.0, "status": "done", "found": null, "prefix_index": 276}
{"rows": 4, "labs": [[0, 0], [1, 0], [0, 0], [1, 0], [1, 0], [1, 0]], "m": 8, "rk": 7, "pairs": 0, "force_calls": 0, "seconds": 0.0, "status": "done", "found": null, "prefix_index": 277}
{"rows": 4, "labs": [[0, 0], [1, 0], [0, 0], [1, 0], [1, 0], [0, 1]], "m": 8, "rk": 7, "pairs": 1, "force_calls": 64, "seconds": 0.01, "status": "done", "found": null, "prefix_index": 278}
{"rows": 4, "labs": [[0, 0], [1, 0], [0, 0], [1, 0], [1, 0], [1, 1]], "m": 8, "rk": 7, "pairs": 1, "force_calls": 64, "seconds": 0.01, "status": "done", "found": null, "prefix_index": 279}
{"rows": 4, "labs": [[0, 0], [1, 0], [0, 0], [1, 0], [0, 1], [0, 0]], "m": 7, "rk": 7, "pairs": 7, "force_calls": 640, "seconds": 0.29, "status": "done", "found": null, "prefix_index": 280}
{"rows": 4, "labs": [[0, 0], [1, 0], [0, 0], [1, 0], [0, 1], [1, 0]], "m": 8, "rk": 8, "pairs": 1, "force_calls": 64, "seconds": 0.02, "status": "done", "found": null, "prefix_index": 281}
{"rows": 4, "labs": [[0, 0], [1, 0], [0, 0], [1, 0], [0, 1], [0, 1]], "m": 8, "rk": 8, "pairs": 6, "force_calls": 400, "seconds": 0.12, "status": "done", "found": null, "prefix_index": 282}
{"rows": 4, "labs": [[0, 0], [1, 0], [0, 0], [1, 0], [0, 1], [1, 1]], "m": 8, "rk": 8, "pairs": 6, "force_calls": 400, "seconds": 0.07, "status": "done", "found": null, "prefix_index": 283}
{"rows": 4, "labs": [[0, 0], [1, 0], [0, 0], [1, 0], [1, 1], [0, 0]], "m": 7, "rk": 7, "pairs": 7, "force_calls": 640, "seconds": 0.12, "status": "done", "found": null, "prefix_index": 284}
{"rows": 4, "labs": [[0, 0], [1, 0], [0, 0], [1, 0], [1, 1], [1, 0]], "m": 8, "rk": 8, "pairs": 1, "force_calls": 64, "seconds": 0.01, "status": "done", "found": null, "prefix_index": 285}
{"rows": 4, "labs": [[0, 0], [1, 0], [0, 0], [1, 0], [1, 1], [0, 1]], "m": 8, "rk": 8, "pairs": 6, "force_calls": 400, "seconds": 0.07, "status": "done", "found": null, "prefix_index": 286}
{"rows": 4, "labs": [[0, 0], [1, 0], [0, 0], [1, 0], [1, 1], [1, 1]], "m": 8, "rk": 8, "pairs": 6, "force_calls": 400, "seconds": 0.07, "status": "done", "found": null, "prefix_index": 287}
{"rows": 4, "labs": [[0, 0], [1, 0], [0, 0], [0, 1], [0, 0], [0, 0]], "m": 6, "rk": 6, "pairs": 9, "force_calls": 2496, "seconds": 0.36, "status": "done", "found": null, "prefix_index": 288}
{"rows": 4, "labs": [[0, 0], [1, 0], [0, 0], [0, 1], [0, 0], [1, 0]], "m": 7, "rk": 7, "pairs": 7, "force_calls": 640, "seconds": 0.12, "status": "done", "found": null, "prefix_index": 289}
{"rows": 4, "labs": [[0, 0], [1, 0], [0, 0], [0, 1], [0, 0], [0, 1]], "m": 7, "rk": 7, "pairs": 9, "force_calls": 5512, "seconds": 0.75, "status": "done", "found": null, "prefix_index": 290}
{"rows": 4, "labs": [[0, 0], [1, 0], [0, 0], [0, 1], [0, 0], [1, 1]], "m": 7, "rk": 7, "pairs": 9, "force_calls": 5512, "seconds": 0.59, "status": "done", "found": null, "prefix_index": 291}
{"rows": 4, "labs": [[0, 0], [1, 0], [0, 0], [0, 1], [1, 0], [0, 0]], "m": 7, "rk": 6, "pairs": 7, "force_calls": 640, "seconds": 0.11, "status": "done", "found": null, "prefix_index": 292}
{"rows": 4, "labs": [[0, 0], [1, 0], [0, 0], [0, 1], [1, 0], [1, 0]], "m": 8, "rk": 7, "pairs": 1, "force_calls": 64, "seconds": 0.02, "status": "done", "found": null, "prefix_index": 293}
{"rows": 4, "labs": [[0, 0], [1, 0], [0, 0], [0, 1], [1, 0], [0, 1]], "m": 8, "rk": 7, "pairs": 9, "force_calls": 1552, "seconds": 0.26, "status": "done", "found": null, "prefix_index": 294}
{"rows": 4, "labs": [[0, 0], [1, 0], [0, 0], [0, 1], [1, 0], [1, 1]], "m": 8, "rk": 7, "pairs": 9, "force_calls": 1552, "seconds": 0.18, "status": "done", "found": null, "prefix_index": 295}
{"rows": 4, "labs": [[0, 0], [1, 0], [0, 0], [0, 1], [0, 1], [0, 0]], "m": 7, "rk": 7, "pairs": 9, "force_calls": 2080, "seconds": 0.26, "status": "done", "found": null, "prefix_index": 296}
{"rows": 4, "labs": [[0, 0], [1, 0], [0, 0], [0, 1], [0, 1], [1, 0]], "m": 8, "rk": 8, "pairs": 6, "force_calls": 400, "seconds": 0.04, "status": "done", "found": null, "prefix_index": 297}
{"rows": 4, "labs": [[0, 0], [1, 0], [0, 0], [0, 1], [0, 1], [0, 1]], "m": 8, "rk": 8, "pairs": 9, "force_calls": 1552, "seconds": 0.19, "status": "done", "found": null, "prefix_index": 298}
{"rows": 4, "labs": [[0, 0], [1, 0], [0, 0], [0, 1], [0, 1], [1, 1]], "m": 8, "rk": 8, "pairs": 9, "force_calls": 1552, "seconds": 0.18, "status": "done", "found": null, "prefix_index": 299}
