{"rows": 5, "labs": [[0, 0], [0, 0], [0, 0], [0, 0], [0, 0], [0, 0], [0, 0], [0, 0]], "m": 5, "rk": 5, "pairs": 11, "force_calls": 6144, "seconds": 1.78, "status": "done", "found": null, "prefix_index": 0}
{"rows": 5, "labs": [[0, 0], [0, 0], [0, 0], [0, 0], [0, 0], [0, 0], [0, 0], [1, 0]], "m": 6, "rk": 6, "pairs": 11, "force_calls": 6144, "seconds": 1.86, "status": "done", "found": null, "prefix_index": 1}
{"rows": 5, "labs": [[0, 0], [0, 0], [0, 0], [0, 0], [0, 0], [0, 0], [0, 0], [0, 1]], "m": 6, "rk": 6, "pairs": 11, "force_calls": 22144, "seconds": 3.12, "status": "done", "found": null, "prefix_index": 2}
{"rows": 5, "labs": [[0, 0], [0, 0], [0, 0], [0, 0], [0, 0], [0, 0], [0, 0], [1, 1]], "m": 6, "rk": 6, "pairs": 11, "force_calls": 22144, "seconds": 3.03, "status": "done", "found": null, "prefix_index": 3}
{"rows": 5, "labs": [[0, 0], [0, 0], [0, 0], [0, 0], [0, 0], [0, 0], [1, 0], [0, 0]], "m": 6, "rk": 6, "pairs": 11, "force_calls": 6144, "seconds": 1.85, "status": "done", "found": null, "prefix_index": 4}
{"rows": 5, "labs": [[0, 0], [0, 0], [0, 0], [0, 0], [0, 0], [0, 0], [1, 0], [1, 0]], "m": 7, "rk": 7, "pairs": 11, "force_calls": 6144, "seconds": 1.77, "status": "done", "found": null, "prefix_index": 5}
{"rows": 5, "labs": [[0, 0], [0, 0], [0, 0], [0, 0], [0, 0], [0, 0], [1, 0], [0, 1]], "m": 7, "rk": 7, "pairs": 11, "force_calls": 22144, "seconds": 3.16, "status": "done", "found": null, "prefix_index": 6}
{"rows": 5, "labs": [[0, 0], [0, 0], [0, 0], [0, 0], [0, 0], [0, 0], [1, 0], [1, 1]], "m": 7, "rk": 7, "pairs": 11, "force_calls": 22144, "seconds": 3.09, "status": "done", "found": null, "prefix_index": 7}
{"rows": 5, "labs": [[0, 0], [0, 0], [0, 0], [0, 0], [0, 0], [0, 0], [0, 1], [0, 0]], "m": 6, "rk": 6, "pairs": 11, "force_calls": 22144, "seconds": 3.22, "status": "done", "found": null, "prefix_index": 8}
{"rows": 5, "labs": [[0, 0], [0, 0], [0, 0], [0, 0], [0, 0], [0, 0], [0, 1], [1, 0]], "m": 7, "rk": 7, "pairs": 11, "force_calls": 21376, "seconds": 3.38, "status": "done", "found": null, "prefix_index": 9}
{"rows": 5, "labs": [[0, 0], [0, 0], [0, 0], [0, 0], [0, 0], [0, 0], [0, 1], [0, 1]], "m": 7, "rk": 7, "pairs": 11, "force_calls": 40896, "seconds": 5.51, "status": "done", "found": null, "prefix_index": 10}
{"rows": 5, "labs": [[0, 0], [0, 0], [0, 0], [0, 0], [0, 0], [0, 0], [0, 1], [1, 1]], "m": 7, "rk": 7, "pairs": 11, "force_calls": 40896, "seconds": 5.16, "status": "done", "found": null, "prefix_index": 11}
{"rows": 5, "labs": [[0, 0], [0, 0], [0, 0], [0, 0], [0, 0], [0, 0], [1, 1], [0, 0]], "m": 6, "rk": 6, "pairs": 11, "force_calls": 22144, "seconds": 3.32, "status": "done", "found": null, "prefix_index": 12}
{"rows": 5, "labs": [[0, 0], [0, 0], [0, 0], [0, 0], [0, 0], [0, 0], [1, 1], [1, 0]], "m": 7, "rk": 7, "pairs": 11, "force_calls": 21376, "seconds": 3.4, "status": "done", "found": null, "prefix_index": 13}
{"rows": 5, "labs": [[0, 0], [0, 0], [0, 0], [0, 0], [0, 0], [0, 0], [1, 1], [0, 1]], "m": 7, "rk": 7, "pairs": 11, "force_calls": 40896, "seconds": 5.89, "status": "done", "found": null, "prefix_index": 14}
{"rows": 5, "labs": [[0, 0], [0, 0], [0, 0], [0, 0], [0, 0], [0, 0], [1, 1], [1, 1]], "m": 7, "rk": 7, "pairs": 11, "force_calls": 40896, "seconds": 6.25, "status": "done", "found": null, "prefix_index": 15}
{"rows": 5, "labs": [[0, 0], [0, 0], [0, 0], [0, 0], [0, 0], [1, 0], [0, 0], [0, 0]], "m": 6, "rk": 6, "pairs": 11, "force_calls": 6144, "seconds": 2.08, "status": "done", "found": null, "prefix_index": 16}
{"rows": 5, "labs": [[0, 0], [0, 0], [0, 0], [0, 0], [0, 0], [1, 0], [0, 0], [1, 0]], "m": 7, "rk": 7, "pairs": 11, "force_calls": 6144, "seconds": 1.56, "status": "done", "found": null, "prefix_index": 17}
{"rows": 5, "labs": [[0, 0], [0, 0], [0, 0], [0, 0], [0, 0], [1, 0], [0, 0], [0, 1]], "m": 7, "rk": 7, "pairs": 11, "force_calls": 22144, "seconds": 3.05, "status": "done", "found": null, "prefix_index": 18}
{"rows": 5, "labs": [[0, 0], [0, 0], [0, 0], [0, 0], [0, 0], [1, 0], [0, 0], [1, 1]], "m": 7, "rk": 7, "pairs": 11, "force_calls": 22144, "seconds": 3.62, "status": "done", "found": null, "prefix_index": 19}
{"rows": 5, "labs": [[0, 0], [0, 0], [0, 0], [0, 0], [0, 0], [1, 0], [1, 0], [0, 0]], "m": 7, "rk": 7, "pairs": 11, "force_calls": 6144, "seconds": 1.62, "status": "done", "found": null, "prefix_index": 20}
{"rows": 5, "labs": [[0, 0], [0, 0], [0, 0], [0, 0], [0, 0], [1, 0], [1, 0], [1, 0]], "m": 8, "rk": 8, "pairs": 1, "force_calls": 1024, "seconds": 0.17, "status": "done", "found": null, "prefix_index": 21}
{"rows": 5, "labs": [[0, 0], [0, 0], [0, 0], [0, 0], [0, 0], [1, 0], [1, 0], [0, 1]], "m": 8, "rk": 8, "pairs": 11, "force_calls": 11776, "seconds": 2.02, "status": "done", "found": null, "prefix_index": 22}
{"rows": 5, "labs": [[0, 0], [0, 0], [0, 0], [0, 0], [0, 0], [1, 0], [1, 0], [1, 1]], "m": 8, "rk": 8, "pairs": 11, "force_calls": 11776, "seconds": 1.91, "status": "done", "found": null, "prefix_index": 23}
{"rows": 5, "labs": [[0, 0], [0, 0], [0, 0], [0, 0], [0, 0], [1, 0], [0, 1], [0, 0]], "m": 7, "rk": 7, "pairs": 11, "force_calls": 22144, "seconds": 3.68, "status": "done", "found": null, "prefix_index": 24}
{"rows": 5, "labs": [[0, 0], [0, 0], [0, 0], [0, 0], [0, 0], [1, 0], [0, 1], [1, 0]], "m": 8, "rk": 8, "pairs": 11, "force_calls": 11776, "seconds": 2.05, "status": "done", "found": null, "prefix_index": 25}
{"rows": 5, "labs": [[0, 0], [0, 0], [0, 0], [0, 0], [0, 0], [1, 0], [0, 1], [0, 1]], "m": 8, "rk": 8, "pairs": 11, "force_calls": 26880, "seconds": 4.16, "status": "done", "found": null, "prefix_index": 26}
{"rows": 5, "labs": [[0, 0], [0, 0], [0, 0], [0, 0], [0, 0], [1, 0], [0, 1], [1, 1]], "m": 8, "rk": 8, "pairs": 11, "force_calls": 27072, "seconds": 4.02, "status": "done", "found": null, "prefix_index": 27}
{"rows": 5, "labs": [[0, 0], [0, 0], [0, 0], [0, 0], [0, 0], [1, 0], [1, 1], [0, 0]], "m": 7, "rk": 7, "pairs": 11, "force_calls": 22144, "seconds": 3.47, "status": "done", "found": null, "prefix_index": 28}
{"rows": 5, "labs": [[0, 0], [0, 0], [0, 0], [0, 0], [0, 0], [1, 0], [1, 1], [1, 0]], "m": 8, "rk": 8, "pairs": 11, "force_calls": 11776, "seconds": 1.94, "status": "done", "found": null, "prefix_index": 29}
{"rows": 5, "labs": [[0, 0], [0, 0], [0, 0], [0, 0], [0, 0], [1, 0], [1, 1], [0, 1]], "m": 8, "rk": 8, "pairs": 11, "force_calls": 27072, "seconds": 3.85, "status": "done", "found": null, "prefix_index": 30}
{"rows": 5, "labs": [[0, 0], [0, 0], [0, 0], [0, 0], [0, 0], [1, 0], [1, 1], [1, 1]], "m": 8, "rk": 8, "pairs": 11, "force_calls": 26880, "seconds": 3.56, "status": "done", "found": null, "prefix_index": 31}
{"rows": 5, "labs": [[0, 0], [0, 0], [0, 0], [0, 0], [0, 0], [0, 1], [0, 0], [0, 0]], "m": 6, "rk": 6, "pairs": 11, "force_calls": 22144, "seconds": 4.09, "status": "done", "found": null, "prefix_index": 32}
{"rows": 5, "labs": [[0, 0], [0, 0], [0, 0], [0, 0], [0, 0], [0, 1], [0, 0], [1, 0]], "m": 7, "rk": 7, "pairs": 11, "force_calls": 22144, "seconds": 3.79, "status": "done", "found": null, "prefix_index": 33}
{"rows": 5, "labs": [[0, 0], [0, 0], [0, 0], [0, 0], [0, 0], [0, 1], [0, 0], [0, 1]], "m": 7, "rk": 7, "pairs": 11, "force_calls": 78848, "seconds": 9.25, "status": "done", "found": null, "prefix_index": 34}
{"rows": 5, "labs": [[0, 0], [0, 0], [0, 0], [0, 0], [0, 0], [0, 1], [0, 0], [1, 1]], "m": 7, "rk": 7, "pairs": 11, "force_calls": 78848, "seconds": 9.61, "status": "done", "found": null, "prefix_index": 35}
{"rows": 5, "labs": [[0, 0], [0, 0], [0, 0], [0, 0], [0, 0], [0, 1], [1, 0], [0, 0]], "m": 7, "rk": 7, "pairs": 11, "force_calls": 21376, "seconds": 3.63, "status": "done", "found": null, "prefix_index": 36}
{"rows": 5, "labs": [[0, 0], [0, 0], [0, 0], [0, 0], [0, 0], [0, 1], [1, 0], [1, 0]], "m": 8, "rk": 8, "pairs": 11, "force_calls": 11776, "seconds": 2.16, "status": "done", "found": null, "prefix_index": 37}
{"rows": 5, "labs": [[0, 0], [0, 0], [0, 0], [0, 0], [0, 0], [0, 1], [1, 0], [0, 1]], "m": 8, "rk": 8, "pairs": 11, "force_calls": 56960, "seconds": 9.98, "status": "done", "found": null, "prefix_index": 38}
{"rows": 5, "labs": [[0, 0], [0, 0], [0, 0], [0, 0], [0, 0], [0, 1], [1, 0], [1, 1]], "m": 8, "rk": 8, "pairs": 11, "force_calls": 56960, "seconds": 8.59, "status": "done", "found": null, "prefix_index": 39}
